// Jest Snapshot v1, https://goo.gl/fbAQLP

exports[`First snapshot test 1`] = `
<div>
  <div
    className="navbar"
  >
    <div
      className="logo"
    >
      <h1>
        CONTACTS BOOK 
      </h1>
      <p>
        Consider your contacts saved 
        <span>
          ❤
        </span>
      </p>
    </div>
    <ul>
      <li>
        <a
          href="/register"
          onClick={[Function]}
        >
          Register
        </a>
      </li>
      <span
        className="sm-hide"
      >
        |
      </span>
      <li>
        <a
          href="/login"
          onClick={[Function]}
        >
          Login
        </a>
      </li>
    </ul>
  </div>
  <div
    className="app-container"
  >
    <div
      className="main"
    >
      <div
        className="filter"
      >
        <div
          className="toggle"
        >
          <label
            class="switch"
          >
            <input
              onChange={[Function]}
              type="checkbox"
            />
            <span
              class="slider round"
            />
          </label>
          <p
            className="lead"
          >
            Show favourite Contacts!
          </p>
        </div>
        <div>
          <input
            className="search"
            onChange={[Function]}
            placeholder="Search Contact by name..."
            type="text"
          />
          <i
            className="fas fa-search search-icon"
          />
        </div>
      </div>
      <div
        className="invite-section"
      >
        <h1>
          Create Contact
        </h1>
        <form
          onSubmit={[Function]}
        >
          <input
            name="name"
            onChange={[Function]}
            placeholder="Name"
            required={true}
            type="text"
            value=""
          />
          <input
            name="phone"
            onChange={[Function]}
            placeholder="Phone"
            required={true}
            type="text"
            value=""
          />
          <p
            className="options-label"
          >
            Contact Type
          </p>
          <div
            className="options"
          >
            <label
              class="container"
            >
              family
              <input
                checked={true}
                name="diet"
                onChange={[Function]}
                type="radio"
                value="family"
              />
              <span
                class="checkmark"
              />
            </label>
            <label
              class="container"
            >
              Friends
              <input
                checked={false}
                name="diet"
                onChange={[Function]}
                type="radio"
                value="Friends"
              />
              <span
                class="checkmark"
              />
            </label>
            <label
              class="container"
            >
              Work
              <input
                checked={false}
                name="diet"
                onChange={[Function]}
                type="radio"
                value="Work"
              />
              <span
                class="checkmark"
              />
            </label>
          </div>
          <input
            className="btn"
            type="submit"
            value="Add Contact"
          />
        </form>
      </div>
      <div>
        <table>
          <tbody>
            <tr>
              <th>
                contact type 
              </th>
              <th>
                 Saved
              </th>
            </tr>
            <tr>
              <th>
                family
              </th>
              <td>
                0
              </td>
            </tr>
            <tr>
              <th>
                Friends
              </th>
              <td>
                0
              </td>
            </tr>
            <tr>
              <th>
                Work
              </th>
              <td>
                0
              </td>
            </tr>
            <tr>
              <th>
                Total
              </th>
              <td>
                0
              </td>
            </tr>
          </tbody>
        </table>
      </div>
    </div>
    <h3
      className="no-guest"
    >
      Loading ...
    </h3>
  </div>
</div>
`;

exports[`Snapshot test 1`] = `
<div>
  <div
    className="navbar"
  >
    <div
      className="logo"
    >
      <h1>
        CONTACTS BOOK 
      </h1>
      <p>
        Consider your contacts saved 
        <span>
          ❤
        </span>
      </p>
    </div>
    <ul>
      <li>
        <a
          href="/register"
          onClick={[Function]}
        >
          Register
        </a>
      </li>
      <span
        className="sm-hide"
      >
        |
      </span>
      <li>
        <a
          href="/login"
          onClick={[Function]}
        >
          Login
        </a>
      </li>
    </ul>
  </div>
  <div
    className="app-container"
  >
    <div
      className="main"
    >
      <div
        className="filter"
      >
        <div
          className="toggle"
        >
          <label
            class="switch"
          >
            <input
              onChange={[Function]}
              type="checkbox"
            />
            <span
              class="slider round"
            />
          </label>
          <p
            className="lead"
          >
            Show favourite Contacts!
          </p>
        </div>
        <div>
          <input
            className="search"
            onChange={[Function]}
            placeholder="Search Contact by name..."
            type="text"
          />
          <i
            className="fas fa-search search-icon"
          />
        </div>
      </div>
      <div
        className="invite-section"
      >
        <h1>
          Create Contact
        </h1>
        <form
          onSubmit={[Function]}
        >
          <input
            name="name"
            onChange={[Function]}
            placeholder="Name"
            required={true}
            type="text"
            value=""
          />
          <input
            name="phone"
            onChange={[Function]}
            placeholder="Phone"
            required={true}
            type="text"
            value=""
          />
          <p
            className="options-label"
          >
            Contact Type
          </p>
          <div
            className="options"
          >
            <label
              class="container"
            >
              family
              <input
                checked={true}
                name="diet"
                onChange={[Function]}
                type="radio"
                value="family"
              />
              <span
                class="checkmark"
              />
            </label>
            <label
              class="container"
            >
              Friends
              <input
                checked={false}
                name="diet"
                onChange={[Function]}
                type="radio"
                value="Friends"
              />
              <span
                class="checkmark"
              />
            </label>
            <label
              class="container"
            >
              Work
              <input
                checked={false}
                name="diet"
                onChange={[Function]}
                type="radio"
                value="Work"
              />
              <span
                class="checkmark"
              />
            </label>
          </div>
          <input
            className="btn"
            type="submit"
            value="Add Contact"
          />
        </form>
      </div>
      <div>
        <table>
          <tbody>
            <tr>
              <th>
                contact type 
              </th>
              <th>
                 Saved
              </th>
            </tr>
            <tr>
              <th>
                family
              </th>
              <td>
                0
              </td>
            </tr>
            <tr>
              <th>
                Friends
              </th>
              <td>
                0
              </td>
            </tr>
            <tr>
              <th>
                Work
              </th>
              <td>
                0
              </td>
            </tr>
            <tr>
              <th>
                Total
              </th>
              <td>
                0
              </td>
            </tr>
          </tbody>
        </table>
      </div>
    </div>
    <h3
      className="no-guest"
    >
      Loading ...
    </h3>
  </div>
</div>
`;
